2025-12-30 01:47:42,246 - INFO - Запуск Организатора Файлов...
2025-12-30 01:47:42,246 - INFO - Отслеживаемая папка: C:\Users\badal\Downloads
2025-12-30 01:47:42,246 - INFO - Отслеживаемая папка: C:\Users\badal\Downloads\Telegram Desktop
2025-12-30 01:47:42,247 - INFO - Для выхода нажмите Ctrl+C
2025-12-30 01:47:42,247 - INFO - Сканирование существующих файлов...
2025-12-30 01:48:23,183 - INFO - Запуск Организатора Файлов...
2025-12-30 01:48:23,184 - INFO - Отслеживаемая папка: C:\Users\badal\Downloads
2025-12-30 01:48:23,184 - INFO - Отслеживаемая папка: C:\Users\badal\Downloads\Telegram Desktop
2025-12-30 01:48:23,185 - INFO - Для выхода нажмите Ctrl+C
2025-12-30 01:48:23,185 - INFO - Сканирование существующих файлов...
2025-12-30 01:49:09,946 - INFO - Запуск Организатора Файлов...
2025-12-30 01:49:09,947 - INFO - Отслеживаемая папка: C:\Users\badal\Downloads
2025-12-30 01:49:09,947 - INFO - Отслеживаемая папка: C:\Users\badal\Downloads\Telegram Desktop
2025-12-30 01:49:09,947 - INFO - Для выхода нажмите Ctrl+C
2025-12-30 01:49:09,947 - INFO - Сканирование существующих файлов...
2025-12-30 01:49:35,978 - INFO - Сканирование завершено. Ожидание новых файлов...
2025-12-30 01:56:24,961 - INFO - Запуск Организатора Файлов...
2025-12-30 01:56:24,962 - INFO - Отслеживаемая папка: C:\Users\badal\Downloads
2025-12-30 01:56:24,962 - INFO - Отслеживаемая папка: C:\Users\badal\Downloads\Telegram Desktop
2025-12-30 01:56:24,962 - INFO - Для выхода нажмите Ctrl+C
2025-12-30 01:56:24,962 - INFO - Сканирование существующих файлов...
2025-12-30 01:56:48,988 - INFO - Сканирование завершено. Ожидание новых файлов...
2025-12-30 16:21:18,456 - FileOrganizer - INFO - Запуск Организатора Файлов...
2025-12-30 16:21:18,457 - FileOrganizer - INFO - Отслеживаемая папка: C:\Users\badal\Downloads
2025-12-30 16:21:18,457 - FileOrganizer - INFO - Отслеживаемая папка: C:\Users\badal\Downloads\Telegram Desktop
2025-12-30 16:21:18,457 - FileOrganizer - INFO - Для выхода нажмите Ctrl+C
2025-12-30 16:21:18,458 - FileOrganizer - INFO - Сканирование существующих файлов...
2025-12-30 16:21:26,962 - FileOrganizer - INFO - [ПЕРЕМЕЩЕНО] Berserker Armor and Dragon Slayer Reg. Ver. 1.14.1-729-3-1-1726076475.7z -> Архивы
2025-12-30 16:21:30,273 - FileOrganizer - INFO - Запуск Организатора Файлов...
2025-12-30 16:21:30,273 - FileOrganizer - INFO - Отслеживаемая папка: C:\Users\badal\Downloads
2025-12-30 16:21:30,274 - FileOrganizer - INFO - Отслеживаемая папка: C:\Users\badal\Downloads\Telegram Desktop
2025-12-30 16:21:30,274 - FileOrganizer - INFO - Для выхода нажмите Ctrl+C
2025-12-30 16:21:30,274 - FileOrganizer - INFO - Сканирование существующих файлов...
2025-12-30 16:21:31,465 - FileOrganizer - INFO - [ПЕРЕМЕЩЕНО] EldenModLoader-117-3-2-1662569069.zip -> Архивы
2025-12-30 16:21:33,967 - FileOrganizer - INFO - [ПЕРЕМЕЩЕНО] Environment - Flora-2431-4-0-1692550959.zip -> Архивы
2025-12-30 16:21:36,468 - FileOrganizer - INFO - [ПЕРЕМЕЩЕНО] ERFPS DLC FIX.zip -> Архивы
2025-12-30 16:21:38,969 - FileOrganizer - INFO - [ПЕРЕМЕЩЕНО] ERFPS v1.2.2-3266-1-2-2-1680715195.zip -> Архивы
2025-12-30 16:21:40,278 - FileOrganizer - WARNING - Timeout ожидания готовности файла: ERFPS v1.2.2-3266-1-2-2-1680715195.zip
2025-12-30 16:21:41,472 - FileOrganizer - INFO - [ПЕРЕМЕЩЕНО] ertransmogrify-3596-2-4-12-1762055504.zip -> Архивы
2025-12-30 16:21:42,279 - FileOrganizer - WARNING - Timeout ожидания готовности файла: ertransmogrify-3596-2-4-12-1762055504.zip
2025-12-30 16:21:49,976 - FileOrganizer - INFO - [ПЕРЕМЕЩЕНО] ME2 with FPS & Seamless Co-Op and toml updater.rar -> Архивы
2025-12-30 16:21:50,281 - FileOrganizer - WARNING - Timeout ожидания готовности файла: ME2 with FPS & Seamless Co-Op and toml updater.rar
2025-12-30 16:21:52,478 - FileOrganizer - INFO - [ПЕРЕМЕЩЕНО] ModEngine-2.1.0.0-win64.zip -> Архивы
2025-12-30 16:21:56,981 - FileOrganizer - INFO - [ПЕРЕМЕЩЕНО] Regulation Ver. 1.16.1 - Shadow of the Erdtree-729-1-16-1-1756788844.7z -> Архивы
2025-12-30 16:21:57,286 - FileOrganizer - WARNING - Timeout ожидания готовности файла: ModEngine-2.1.0.0-win64.zip
2025-12-30 16:21:59,482 - FileOrganizer - INFO - [ПЕРЕМЕЩЕНО] Seamless Co-op v1.9.0-510-1-9-0-1737457830.zip -> Архивы
2025-12-30 16:22:01,288 - FileOrganizer - WARNING - Timeout ожидания готовности файла: Seamless Co-op v1.9.0-510-1-9-0-1737457830.zip
2025-12-30 16:22:07,509 - FileOrganizer - INFO - Сканирование завершено. Ожидание новых файлов...
2025-12-30 16:22:09,308 - FileOrganizer - INFO - Сканирование завершено. Ожидание новых файлов...
2025-12-30 16:22:44,257 - FileOrganizer - INFO -
Остановка скрипта...
2025-12-30 16:27:46,477 - FileOrganizer - INFO - Запуск Организатора Файлов...
2025-12-30 16:27:46,477 - FileOrganizer - INFO - Отслеживаемая папка: C:\Users\badal\Downloads
2025-12-30 16:27:46,477 - FileOrganizer - INFO - Отслеживаемая папка: C:\Users\badal\Downloads\Telegram Desktop
2025-12-30 16:27:46,477 - FileOrganizer - INFO - Для выхода нажмите Ctrl+C
2025-12-30 16:27:46,478 - FileOrganizer - INFO - Сканирование существующих файлов...
2025-12-30 16:45:06,374 - FileOrganizer - INFO - Запуск Организатора Файлов...
2025-12-30 16:45:06,374 - FileOrganizer - INFO - Отслеживаемая папка: C:\Users\badal\Downloads
2025-12-30 16:45:06,374 - FileOrganizer - INFO - Отслеживаемая папка: C:\Users\badal\Downloads\Telegram Desktop
2025-12-30 16:45:06,375 - FileOrganizer - INFO - Для выхода нажмите Ctrl+C
2025-12-30 16:45:06,375 - FileOrganizer - INFO - Сканирование существующих файлов...
2025-12-30 16:45:30,399 - FileOrganizer - INFO - Сканирование завершено. Ожидание новых файлов...
